version https://git-lfs.github.com/spec/v1
oid sha256:67313c5f5cb7aea90ec7cd709869092f87ebe7812c938a65a384855a52bc912f
size 16498690
