version https://git-lfs.github.com/spec/v1
oid sha256:ac807521e382b4be360fad17bf3a8f4767140bf809ab358cc3fa0146b3eb7f73
size 3182474
