version https://git-lfs.github.com/spec/v1
oid sha256:7b25648384c29f40aa3163d86d8b96f35ca0fedafef90d6b08baf18a30e787ac
size 1130515
