version https://git-lfs.github.com/spec/v1
oid sha256:766e0037b1fa88833ec53ab7e2f22f95cdfed582caa9a57c23b6bc7f49984b6e
size 14864415
