version https://git-lfs.github.com/spec/v1
oid sha256:0f9f58fd45553532863e9d56b43d3013b978de8937452b98f50337e00d83eff4
size 1988021
