version https://git-lfs.github.com/spec/v1
oid sha256:bb6e18548c413cea2f3b1b059cf9288136fa2d1c1b0afec8daf6e4815a785839
size 1281
