version https://git-lfs.github.com/spec/v1
oid sha256:cf95bcaf5d8ba99831e6d66da583f32713cdde7d623bee97e5f62b9427beaa40
size 1163
