version https://git-lfs.github.com/spec/v1
oid sha256:f1604e5c9f4deaa7603547d34dc6a865cd724dcfd8ed772fb7495910f1814669
size 151
