version https://git-lfs.github.com/spec/v1
oid sha256:3309c4a0e67e2511f53846079da7bffa37966072530257134837c7b0f694c26e
size 1690
