version https://git-lfs.github.com/spec/v1
oid sha256:2417641ee4b7503a6cb1b80c209f4124d76c733ea27477da166dada3bf64c0a8
size 31287
