version https://git-lfs.github.com/spec/v1
oid sha256:02db6239dd962fae410b3777a21b293bd207f6eadeb7b84066ec0df41516bcce
size 16958746
