version https://git-lfs.github.com/spec/v1
oid sha256:3525f0faa5ab66cd923971e0307cfe411be7c95b0dcb50c6b60bdaffa8faa957
size 205185
