version https://git-lfs.github.com/spec/v1
oid sha256:af453e61e662ac4aa02558820ebc6fcec5a9ded78b166ff5da51d1cb463b1d5c
size 196230
