correct_chr9_h2:80933840-84655338	correct_chr9_h2:80933840-84655338	rev	false
