NA24385_chr21_h2tg000030l#1-40398587:38371238-40398587	NA24385_chr21_h2tg000030l#1-40398587:38371238-40398587	rev	false
