version https://git-lfs.github.com/spec/v1
oid sha256:dad4ede7db7c31ec54cf05bb74884be17756b3edf2076a3e08a973a28e3841cc
size 111924
