version https://git-lfs.github.com/spec/v1
oid sha256:edd36b0ea96595769f71baef0f252ee7a8d8faf16c837c37329cebc65c6ad302
size 158873
