K1463_2217_chr21_mat-0000027:94326700-96370911	K1463_2217_chr21_mat-0000027:94326700-96370911	fwd	true
K1463_2188_chr21_pat-0000784:94321491-96365704	K1463_2188_chr21_pat-0000784:94321491-96365704	fwd	true
K1463_2209_chr21_mat-0000011:2224297-6697543	K1463_2209_chr21_mat-0000011:2224297-6697543	fwd	false
K1463_2280_chr21_contig-0000373:1672478-4750570	K1463_2280_chr21_contig-0000373:1672478-4750570	fwd	true
downsampled_K1463_2188_chr21_mat-0000013:95577690-100876936	downsampled_K1463_2188_chr13_mat-0000013:95577690-100876936	rev	false
K1463_2298_chr21_pat-0000541:41957-5171635	K1463_2298_chr13_pat-0000541:41957-5171635	fwd	false
K1463_2214_chr21_contig-0001158:2043008-4152273	K1463_2214_chr21_contig-0001158:2043008-4152273	fwd	true
K1463_2213_chr21_contig-0001205:10435847-13007798	K1463_2213_chr21_contig-0001205:10435847-13007798	rev	false
K1463_2280_chr21_contig-0000596:5586403-10064399	K1463_2280_chr21_contig-0000596:5586403-10064399	fwd	false
K1463_2216_chr21_mat-0000028:872299-2916513	K1463_2216_chr21_mat-0000028:872299-2916513	rev	true
downsampled_K1463_2209_chr21_pat-0000414:95558770-100688455	downsampled_K1463_2209_chr13_pat-0000414:95558770-100688455	rev	false
K1463_2298_chr21_mat-0000050:2-2086151	K1463_2298_chr21_mat-0000050:2-2086151	fwd	true
K1463_2188_chr21_pat-0000762:5897219-11201620	K1463_2188_chr21_pat-0000762:5897219-11201620	fwd	false
downsampled_K1463_2209_chr21_mat-0000015:33286710-37759961	downsampled_K1463_2209_chr21_mat-0000015:33286710-37759961	rev	true
K1463_2214_chr21_contig-0000172:2-2644101	K1463_2214_chr21_contig-0000172:2-2644101	fwd	false
K1463_2187_chr21_mat-0000041:94322012-96366224	K1463_2187_chr21_mat-0000041:94322012-96366224	fwd	true
K1463_2214_chr21_contig-0001156:2094570-4190682	K1463_2214_chr21_contig-0001156:2094570-4190682	fwd	true
K1463_2187_chr21_mat-0000044:32581520-37002119	K1463_2187_chr21_mat-0000044:32581520-37002119	rev	false
K1463_2188_chr21_mat-0000016:2460434-6881030	K1463_2188_chr21_mat-0000016:2460434-6881030	fwd	false
K1463_2214_chr21_contig-0000373:2-1275466	K1463_2214_chr21_contig-0000373:2-1275466	rev	true
K1463_2298_chr21_mat-0000054:4545247-6589455	K1463_2298_chr21_mat-0000054:4545247-6589455	rev	true
K1463_2213_chr21_contig-0001216:10425338-12695684	K1463_2213_chr21_contig-0001216:10425338-12695684	rev	false
K1463_2209_chr21_pat-0000388:1541331-6671027	K1463_2209_chr13_pat-0000388:1541331-6671027	fwd	false
K1463_2212_chr21_pat-0000578:33292290-37813886	K1463_2212_chr21_pat-0000578:33292290-37813886	rev	false
downsampled_K1463_2209_chr21_pat-0000413:33292621-38201667	downsampled_K1463_2209_chr21_pat-0000413:33292621-38201667	rev	false
K1463_2214_chr21_contig-0001285:1440556-4112977	K1463_2214_chr21_contig-0001285:1440556-4112977	fwd	true
downsampled_K1463_2188_chr21_pat-0000683:2025058-4069266	downsampled_K1463_2188_chr21_pat-0000683:2025058-4069266	rev	true
K1463_2214_chr21_contig-0000195:2-2407367	K1463_2214_chr21_contig-0000195:2-2407367	fwd	false
K1463_2298_chr21_pat-0000575:737317-5203113	K1463_2298_chr21_pat-0000575:737317-5203113	fwd	false
K1463_2215_chr21_mat-0000007:94350933-96395145	K1463_2215_chr21_mat-0000007:94350933-96395145	fwd	true
chm13_chr21:7700001-11850000	chm13_chr21:7700001-11850000	fwd	false
downsampled_K1463_2188_chr21_mat-0000014:33313919-37734565	downsampled_K1463_2188_chr21_mat-0000014:33313919-37734565	rev	false
K1463_2214_chr21_contig-0001142:2096023-4140239	K1463_2214_chr21_contig-0001142:2096023-4140239	rev	true
K1463_2216_chr21_pat-0000623:95549478-98855139	K1463_2216_chr21_pat-0000623:95549478-98855139	rev	false
K1463_2209_chr21_pat-0000378:1647250-6556346	K1463_2209_chr21_pat-0000378:1647250-6556346	fwd	false
K1463_2281_chr21_contig-0000709:32560705-37469751	K1463_2281_chr21_contig-0000709:32560705-37469751	rev	false
K1463_2211_chr21_mat-0000010:94282755-96326962	K1463_2211_chr21_mat-0000010:94282755-96326962	fwd	true
